

================================================================
== Vitis HLS Report for 'AXIvideo2xfMat_8_0_600_800_1_2_1'
================================================================
* Date:           Tue Jun 24 19:15:15 2025

* Version:        2023.1 (Build 3854077 on May  4 2023)
* Project:        stereolbm_axis_cambm.prj
* Solution:       sol1 (Vivado IP Flow Target)
* Product family: zynq
* Target device:  xc7z020-clg400-1


================================================================
== Performance Estimates
================================================================
+ Timing: 
    * Summary: 
    +--------+----------+----------+------------+
    |  Clock |  Target  | Estimated| Uncertainty|
    +--------+----------+----------+------------+
    |ap_clk  |  10.00 ns|  7.268 ns|     2.70 ns|
    +--------+----------+----------+------------+

+ Latency: 
    * Summary: 
    +---------+---------+-----------+----------+-----+--------+---------+
    |  Latency (cycles) |  Latency (absolute)  |   Interval   | Pipeline|
    |   min   |   max   |    min    |    max   | min |   max  |   Type  |
    +---------+---------+-----------+----------+-----+--------+---------+
    |        6|   486607|  60.000 ns|  4.866 ms|    6|  486607|       no|
    +---------+---------+-----------+----------+-----+--------+---------+

    + Detail: 
        * Instance: 
        +-----------------------------------------------------------------------+------------------------------------------------------------+---------+---------+-----------+-----------+-----+-----+---------+
        |                                                                       |                                                            |  Latency (cycles) |   Latency (absolute)  |  Interval | Pipeline|
        |                                Instance                               |                           Module                           |   min   |   max   |    min    |    max    | min | max |   Type  |
        +-----------------------------------------------------------------------+------------------------------------------------------------+---------+---------+-----------+-----------+-----+-----+---------+
        |grp_AXIvideo2xfMat_8_0_600_800_1_2_1_Pipeline_loop_start_hunt_fu_185   |AXIvideo2xfMat_8_0_600_800_1_2_1_Pipeline_loop_start_hunt   |        2|        3|  20.000 ns|  30.000 ns|    2|    3|       no|
        |grp_AXIvideo2xfMat_8_0_600_800_1_2_1_Pipeline_loop_col_zxi2mat_fu_205  |AXIvideo2xfMat_8_0_600_800_1_2_1_Pipeline_loop_col_zxi2mat  |        3|      802|  30.000 ns|   8.020 us|    3|  802|       no|
        |grp_AXIvideo2xfMat_8_0_600_800_1_2_1_Pipeline_loop_last_hunt_fu_232    |AXIvideo2xfMat_8_0_600_800_1_2_1_Pipeline_loop_last_hunt    |        2|        3|  20.000 ns|  30.000 ns|    2|    3|       no|
        +-----------------------------------------------------------------------+------------------------------------------------------------+---------+---------+-----------+-----------+-----+-----+---------+

        * Loop: 
        +--------------------+---------+---------+----------+-----------+-----------+---------+----------+
        |                    |  Latency (cycles) | Iteration|  Initiation Interval  |   Trip  |          |
        |      Loop Name     |   min   |   max   |  Latency |  achieved |   target  |  Count  | Pipelined|
        +--------------------+---------+---------+----------+-----------+-----------+---------+----------+
        |- loop_row_axi2mat  |        0|   486600|   7 ~ 811|          -|          -|  0 ~ 600|        no|
        +--------------------+---------+---------+----------+-----------+-----------+---------+----------+



================================================================
== Utilization Estimates
================================================================
* Summary: 
+-----------------+---------+-----+--------+-------+-----+
|       Name      | BRAM_18K| DSP |   FF   |  LUT  | URAM|
+-----------------+---------+-----+--------+-------+-----+
|DSP              |        -|    -|       -|      -|    -|
|Expression       |        -|    -|       0|     93|    -|
|FIFO             |        -|    -|       -|      -|    -|
|Instance         |        -|    -|      32|    243|    -|
|Memory           |        -|    -|       -|      -|    -|
|Multiplexer      |        -|    -|       -|    178|    -|
|Register         |        -|    -|      67|      -|    -|
+-----------------+---------+-----+--------+-------+-----+
|Total            |        0|    0|      99|    514|    0|
+-----------------+---------+-----+--------+-------+-----+
|Available        |      280|  220|  106400|  53200|    0|
+-----------------+---------+-----+--------+-------+-----+
|Utilization (%)  |        0|    0|      ~0|     ~0|    0|
+-----------------+---------+-----+--------+-------+-----+

+ Detail: 
    * Instance: 
    +-----------------------------------------------------------------------+------------------------------------------------------------+---------+----+----+-----+-----+
    |                                Instance                               |                           Module                           | BRAM_18K| DSP| FF | LUT | URAM|
    +-----------------------------------------------------------------------+------------------------------------------------------------+---------+----+----+-----+-----+
    |grp_AXIvideo2xfMat_8_0_600_800_1_2_1_Pipeline_loop_col_zxi2mat_fu_205  |AXIvideo2xfMat_8_0_600_800_1_2_1_Pipeline_loop_col_zxi2mat  |        0|   0|  24|  148|    0|
    |grp_AXIvideo2xfMat_8_0_600_800_1_2_1_Pipeline_loop_last_hunt_fu_232    |AXIvideo2xfMat_8_0_600_800_1_2_1_Pipeline_loop_last_hunt    |        0|   0|   4|   52|    0|
    |grp_AXIvideo2xfMat_8_0_600_800_1_2_1_Pipeline_loop_start_hunt_fu_185   |AXIvideo2xfMat_8_0_600_800_1_2_1_Pipeline_loop_start_hunt   |        0|   0|   4|   43|    0|
    +-----------------------------------------------------------------------+------------------------------------------------------------+---------+----+----+-----+-----+
    |Total                                                                  |                                                            |        0|   0|  32|  243|    0|
    +-----------------------------------------------------------------------+------------------------------------------------------------+---------+----+----+-----+-----+

    * DSP: 
    N/A

    * Memory: 
    N/A

    * FIFO: 
    N/A

    * Expression: 
    +----------------------+----------+----+---+----+------------+------------+
    |     Variable Name    | Operation| DSP| FF| LUT| Bitwidth P0| Bitwidth P1|
    +----------------------+----------+----+---+----+------------+------------+
    |i_17_fu_297_p2        |         +|   0|  0|  13|          10|           1|
    |cmp91_fu_262_p2       |      icmp|   0|  0|  39|          32|           1|
    |icmp_ln129_fu_292_p2  |      icmp|   0|  0|  39|          32|          32|
    |ap_block_state1       |        or|   0|  0|   2|           1|           1|
    +----------------------+----------+----+---+----+------------+------------+
    |Total                 |          |   0|  0|  93|          75|          35|
    +----------------------+----------+----+---+----+------------+------------+

    * Multiplexer: 
    +-----------------------------+----+-----------+-----+-----------+
    |             Name            | LUT| Input Size| Bits| Total Bits|
    +-----------------------------+----+-----------+-----+-----------+
    |ap_NS_fsm                    |  59|         11|    1|         11|
    |ap_done                      |   9|          2|    1|          2|
    |axi_data_2_fu_90             |   9|          2|    8|         16|
    |axi_data_2_lcssa_reg_163     |   9|          2|    8|         16|
    |axi_last_2_lcssa_reg_152     |   9|          2|    1|          2|
    |axi_last_2_reg_142           |   9|          2|    1|          2|
    |i_fu_86                      |   9|          2|   10|         20|
    |imgL_in_cols_c_blk_n         |   9|          2|    1|          2|
    |imgL_in_data_write           |   9|          2|    1|          2|
    |imgL_in_rows_c_blk_n         |   9|          2|    1|          2|
    |last_0_lcssa_reg_173         |   9|          2|    1|          2|
    |real_start                   |   9|          2|    1|          2|
    |vid_inL_TREADY_int_regslice  |  20|          4|    1|          4|
    +-----------------------------+----+-----------+-----+-----------+
    |Total                        | 178|         37|   36|         83|
    +-----------------------------+----+-----------+-----+-----------+

    * Register: 
    +------------------------------------------------------------------------------------+----+----+-----+-----------+
    |                                        Name                                        | FF | LUT| Bits| Const Bits|
    +------------------------------------------------------------------------------------+----+----+-----+-----------+
    |ap_CS_fsm                                                                           |  10|   0|   10|          0|
    |ap_done_reg                                                                         |   1|   0|    1|          0|
    |axi_data_2_fu_90                                                                    |   8|   0|    8|          0|
    |axi_data_2_lcssa_reg_163                                                            |   8|   0|    8|          0|
    |axi_last_2_lcssa_reg_152                                                            |   1|   0|    1|          0|
    |axi_last_2_reg_142                                                                  |   1|   0|    1|          0|
    |axi_last_4_loc_fu_98                                                                |   1|   0|    1|          0|
    |cmp91_reg_380                                                                       |   1|   0|    1|          0|
    |empty_reg_351                                                                       |  10|   0|   10|          0|
    |grp_AXIvideo2xfMat_8_0_600_800_1_2_1_Pipeline_loop_col_zxi2mat_fu_205_ap_start_reg  |   1|   0|    1|          0|
    |grp_AXIvideo2xfMat_8_0_600_800_1_2_1_Pipeline_loop_last_hunt_fu_232_ap_start_reg    |   1|   0|    1|          0|
    |grp_AXIvideo2xfMat_8_0_600_800_1_2_1_Pipeline_loop_start_hunt_fu_185_ap_start_reg   |   1|   0|    1|          0|
    |i_17_reg_393                                                                        |  10|   0|   10|          0|
    |i_fu_86                                                                             |  10|   0|   10|          0|
    |last_0_lcssa_reg_173                                                                |   1|   0|    1|          0|
    |start_2_fu_94                                                                       |   1|   0|    1|          0|
    |start_once_reg                                                                      |   1|   0|    1|          0|
    +------------------------------------------------------------------------------------+----+----+-----+-----------+
    |Total                                                                               |  67|   0|   67|          0|
    +------------------------------------------------------------------------------------+----+----+-----+-----------+



================================================================
== Interface
================================================================
* Summary: 
+-------------------------------+-----+-----+------------+----------------------------------------+--------------+
|           RTL Ports           | Dir | Bits|  Protocol  |              Source Object             |    C Type    |
+-------------------------------+-----+-----+------------+----------------------------------------+--------------+
|ap_clk                         |   in|    1|  ap_ctrl_hs|  AXIvideo2xfMat<8, 0, 600, 800, 1, 2>.1|  return value|
|ap_rst                         |   in|    1|  ap_ctrl_hs|  AXIvideo2xfMat<8, 0, 600, 800, 1, 2>.1|  return value|
|ap_start                       |   in|    1|  ap_ctrl_hs|  AXIvideo2xfMat<8, 0, 600, 800, 1, 2>.1|  return value|
|start_full_n                   |   in|    1|  ap_ctrl_hs|  AXIvideo2xfMat<8, 0, 600, 800, 1, 2>.1|  return value|
|ap_done                        |  out|    1|  ap_ctrl_hs|  AXIvideo2xfMat<8, 0, 600, 800, 1, 2>.1|  return value|
|ap_continue                    |   in|    1|  ap_ctrl_hs|  AXIvideo2xfMat<8, 0, 600, 800, 1, 2>.1|  return value|
|ap_idle                        |  out|    1|  ap_ctrl_hs|  AXIvideo2xfMat<8, 0, 600, 800, 1, 2>.1|  return value|
|ap_ready                       |  out|    1|  ap_ctrl_hs|  AXIvideo2xfMat<8, 0, 600, 800, 1, 2>.1|  return value|
|start_out                      |  out|    1|  ap_ctrl_hs|  AXIvideo2xfMat<8, 0, 600, 800, 1, 2>.1|  return value|
|start_write                    |  out|    1|  ap_ctrl_hs|  AXIvideo2xfMat<8, 0, 600, 800, 1, 2>.1|  return value|
|vid_inL_TDATA                  |   in|    8|        axis|                        vid_inL_V_data_V|       pointer|
|vid_inL_TVALID                 |   in|    1|        axis|                        vid_inL_V_dest_V|       pointer|
|vid_inL_TREADY                 |  out|    1|        axis|                        vid_inL_V_dest_V|       pointer|
|vid_inL_TDEST                  |   in|    1|        axis|                        vid_inL_V_dest_V|       pointer|
|vid_inL_TKEEP                  |   in|    1|        axis|                        vid_inL_V_keep_V|       pointer|
|vid_inL_TSTRB                  |   in|    1|        axis|                        vid_inL_V_strb_V|       pointer|
|vid_inL_TUSER                  |   in|    1|        axis|                        vid_inL_V_user_V|       pointer|
|vid_inL_TLAST                  |   in|    1|        axis|                        vid_inL_V_last_V|       pointer|
|vid_inL_TID                    |   in|    1|        axis|                          vid_inL_V_id_V|       pointer|
|p_read                         |   in|   32|     ap_none|                                  p_read|        scalar|
|p_read1                        |   in|   32|     ap_none|                                 p_read1|        scalar|
|imgL_in_data_din               |  out|    8|     ap_fifo|                            imgL_in_data|       pointer|
|imgL_in_data_num_data_valid    |   in|    2|     ap_fifo|                            imgL_in_data|       pointer|
|imgL_in_data_fifo_cap          |   in|    2|     ap_fifo|                            imgL_in_data|       pointer|
|imgL_in_data_full_n            |   in|    1|     ap_fifo|                            imgL_in_data|       pointer|
|imgL_in_data_write             |  out|    1|     ap_fifo|                            imgL_in_data|       pointer|
|imgL_in_rows_c_din             |  out|   32|     ap_fifo|                          imgL_in_rows_c|       pointer|
|imgL_in_rows_c_num_data_valid  |   in|    2|     ap_fifo|                          imgL_in_rows_c|       pointer|
|imgL_in_rows_c_fifo_cap        |   in|    2|     ap_fifo|                          imgL_in_rows_c|       pointer|
|imgL_in_rows_c_full_n          |   in|    1|     ap_fifo|                          imgL_in_rows_c|       pointer|
|imgL_in_rows_c_write           |  out|    1|     ap_fifo|                          imgL_in_rows_c|       pointer|
|imgL_in_cols_c_din             |  out|   32|     ap_fifo|                          imgL_in_cols_c|       pointer|
|imgL_in_cols_c_num_data_valid  |   in|    2|     ap_fifo|                          imgL_in_cols_c|       pointer|
|imgL_in_cols_c_fifo_cap        |   in|    2|     ap_fifo|                          imgL_in_cols_c|       pointer|
|imgL_in_cols_c_full_n          |   in|    1|     ap_fifo|                          imgL_in_cols_c|       pointer|
|imgL_in_cols_c_write           |  out|    1|     ap_fifo|                          imgL_in_cols_c|       pointer|
+-------------------------------+-----+-----+------------+----------------------------------------+--------------+

