

================================================================
== Vitis HLS Report for 'erode_0_0_600_800_0_3_3_1_1_2_2_s'
================================================================
* Date:           Tue Jun 24 19:15:42 2025

* Version:        2023.1 (Build 3854077 on May  4 2023)
* Project:        stereolbm_axis_cambm.prj
* Solution:       sol1 (Vivado IP Flow Target)
* Product family: zynq
* Target device:  xc7z020-clg400-1


================================================================
== Performance Estimates
================================================================
+ Timing: 
    * Summary: 
    +--------+----------+----------+------------+
    |  Clock |  Target  | Estimated| Uncertainty|
    +--------+----------+----------+------------+
    |ap_clk  |  10.00 ns|  6.888 ns|     2.70 ns|
    +--------+----------+----------+------------+

+ Latency: 
    * Summary: 
    +---------+---------+----------+----------+-----+--------+---------+
    |  Latency (cycles) |  Latency (absolute) |   Interval   | Pipeline|
    |   min   |   max   |    min   |    max   | min |   max  |   Type  |
    +---------+---------+----------+----------+-----+--------+---------+
    |       23|   488817|  0.230 us|  4.888 ms|   23|  488817|       no|
    +---------+---------+----------+----------+-----+--------+---------+

    + Detail: 
        * Instance: 
        +-------------------------------------------------+---------------------------------------+---------+---------+----------+----------+-----+--------+---------+
        |                                                 |                                       |  Latency (cycles) |  Latency (absolute) |   Interval   | Pipeline|
        |                     Instance                    |                 Module                |   min   |   max   |    min   |    max   | min |   max  |   Type  |
        +-------------------------------------------------+---------------------------------------+---------+---------+----------+----------+-----+--------+---------+
        |grp_xferode_600_800_1_0_1_2_2_0_801_3_3_s_fu_34  |xferode_600_800_1_0_1_2_2_0_801_3_3_s  |       21|   488815|  0.210 us|  4.888 ms|   21|  488815|       no|
        +-------------------------------------------------+---------------------------------------+---------+---------+----------+----------+-----+--------+---------+

        * Loop: 
        N/A



================================================================
== Utilization Estimates
================================================================
* Summary: 
+-----------------+---------+-----+--------+-------+-----+
|       Name      | BRAM_18K| DSP |   FF   |  LUT  | URAM|
+-----------------+---------+-----+--------+-------+-----+
|DSP              |        -|    -|       -|      -|    -|
|Expression       |        -|    -|       0|      2|    -|
|FIFO             |        -|    -|       -|      -|    -|
|Instance         |        3|    -|     598|   1159|    -|
|Memory           |        -|    -|       -|      -|    -|
|Multiplexer      |        -|    -|       -|     47|    -|
|Register         |        -|    -|      37|      -|    -|
+-----------------+---------+-----+--------+-------+-----+
|Total            |        3|    0|     635|   1208|    0|
+-----------------+---------+-----+--------+-------+-----+
|Available        |      280|  220|  106400|  53200|    0|
+-----------------+---------+-----+--------+-------+-----+
|Utilization (%)  |        1|    0|      ~0|      2|    0|
+-----------------+---------+-----+--------+-------+-----+

+ Detail: 
    * Instance: 
    +-------------------------------------------------+---------------------------------------+---------+----+-----+------+-----+
    |                     Instance                    |                 Module                | BRAM_18K| DSP|  FF |  LUT | URAM|
    +-------------------------------------------------+---------------------------------------+---------+----+-----+------+-----+
    |grp_xferode_600_800_1_0_1_2_2_0_801_3_3_s_fu_34  |xferode_600_800_1_0_1_2_2_0_801_3_3_s  |        3|   0|  598|  1159|    0|
    +-------------------------------------------------+---------------------------------------+---------+----+-----+------+-----+
    |Total                                            |                                       |        3|   0|  598|  1159|    0|
    +-------------------------------------------------+---------------------------------------+---------+----+-----+------+-----+

    * DSP: 
    N/A

    * Memory: 
    N/A

    * FIFO: 
    N/A

    * Expression: 
    +-----------------+----------+----+---+----+------------+------------+
    |  Variable Name  | Operation| DSP| FF| LUT| Bitwidth P0| Bitwidth P1|
    +-----------------+----------+----+---+----+------------+------------+
    |ap_block_state1  |        or|   0|  0|   2|           1|           1|
    +-----------------+----------+----+---+----+------------+------------+
    |Total            |          |   0|  0|   2|           1|           1|
    +-----------------+----------+----+---+----+------------+------------+

    * Multiplexer: 
    +-----------------------------+----+-----------+-----+-----------+
    |             Name            | LUT| Input Size| Bits| Total Bits|
    +-----------------------------+----+-----------+-----+-----------+
    |ap_NS_fsm                    |  20|          4|    1|          4|
    |ap_done                      |   9|          2|    1|          2|
    |img_disp8u_data_read         |   9|          2|    1|          2|
    |img_disp8u_erode_data_write  |   9|          2|    1|          2|
    +-----------------------------+----+-----------+-----+-----------+
    |Total                        |  47|         10|    4|         10|
    +-----------------------------+----+-----------+-----+-----------+

    * Register: 
    +--------------------------------------------------------------+----+----+-----+-----------+
    |                             Name                             | FF | LUT| Bits| Const Bits|
    +--------------------------------------------------------------+----+----+-----+-----------+
    |ap_CS_fsm                                                     |   3|   0|    3|          0|
    |ap_done_reg                                                   |   1|   0|    1|          0|
    |grp_xferode_600_800_1_0_1_2_2_0_801_3_3_s_fu_34_ap_start_reg  |   1|   0|    1|          0|
    |imgheight_reg_52                                              |  16|   0|   16|          0|
    |imgwidth_reg_57                                               |  16|   0|   16|          0|
    +--------------------------------------------------------------+----+----+-----+-----------+
    |Total                                                         |  37|   0|   37|          0|
    +--------------------------------------------------------------+----+----+-----+-----------+



================================================================
== Interface
================================================================
* Summary: 
+--------------------------------------+-----+-----+------------+--------------------------------------------+--------------+
|               RTL Ports              | Dir | Bits|  Protocol  |                Source Object               |    C Type    |
+--------------------------------------+-----+-----+------------+--------------------------------------------+--------------+
|ap_clk                                |   in|    1|  ap_ctrl_hs|  erode<0, 0, 600, 800, 0, 3, 3, 1, 1, 2, 2>|  return value|
|ap_rst                                |   in|    1|  ap_ctrl_hs|  erode<0, 0, 600, 800, 0, 3, 3, 1, 1, 2, 2>|  return value|
|ap_start                              |   in|    1|  ap_ctrl_hs|  erode<0, 0, 600, 800, 0, 3, 3, 1, 1, 2, 2>|  return value|
|ap_done                               |  out|    1|  ap_ctrl_hs|  erode<0, 0, 600, 800, 0, 3, 3, 1, 1, 2, 2>|  return value|
|ap_continue                           |   in|    1|  ap_ctrl_hs|  erode<0, 0, 600, 800, 0, 3, 3, 1, 1, 2, 2>|  return value|
|ap_idle                               |  out|    1|  ap_ctrl_hs|  erode<0, 0, 600, 800, 0, 3, 3, 1, 1, 2, 2>|  return value|
|ap_ready                              |  out|    1|  ap_ctrl_hs|  erode<0, 0, 600, 800, 0, 3, 3, 1, 1, 2, 2>|  return value|
|p_read                                |   in|   32|     ap_none|                                      p_read|        scalar|
|p_read1                               |   in|   32|     ap_none|                                     p_read1|        scalar|
|img_disp8u_data_dout                  |   in|    8|     ap_fifo|                             img_disp8u_data|       pointer|
|img_disp8u_data_num_data_valid        |   in|    2|     ap_fifo|                             img_disp8u_data|       pointer|
|img_disp8u_data_fifo_cap              |   in|    2|     ap_fifo|                             img_disp8u_data|       pointer|
|img_disp8u_data_empty_n               |   in|    1|     ap_fifo|                             img_disp8u_data|       pointer|
|img_disp8u_data_read                  |  out|    1|     ap_fifo|                             img_disp8u_data|       pointer|
|img_disp8u_erode_data_din             |  out|    8|     ap_fifo|                       img_disp8u_erode_data|       pointer|
|img_disp8u_erode_data_num_data_valid  |   in|    2|     ap_fifo|                       img_disp8u_erode_data|       pointer|
|img_disp8u_erode_data_fifo_cap        |   in|    2|     ap_fifo|                       img_disp8u_erode_data|       pointer|
|img_disp8u_erode_data_full_n          |   in|    1|     ap_fifo|                       img_disp8u_erode_data|       pointer|
|img_disp8u_erode_data_write           |  out|    1|     ap_fifo|                       img_disp8u_erode_data|       pointer|
+--------------------------------------+-----+-----+------------+--------------------------------------------+--------------+

