

================================================================
== Vitis HLS Report for 'Sobel_0_3_0_3_600_800_1_false_2_2_2_s'
================================================================
* Date:           Tue Jun 24 19:15:24 2025

* Version:        2023.1 (Build 3854077 on May  4 2023)
* Project:        stereolbm_axis_cambm.prj
* Solution:       sol1 (Vivado IP Flow Target)
* Product family: zynq
* Target device:  xc7z020-clg400-1


================================================================
== Performance Estimates
================================================================
+ Timing: 
    * Summary: 
    +--------+----------+----------+------------+
    |  Clock |  Target  | Estimated| Uncertainty|
    +--------+----------+----------+------------+
    |ap_clk  |  10.00 ns|  6.888 ns|     2.70 ns|
    +--------+----------+----------+------------+

+ Latency: 
    * Summary: 
    +---------+---------+----------+----------+--------+--------+---------+
    |  Latency (cycles) |  Latency (absolute) |     Interval    | Pipeline|
    |   min   |   max   |    min   |    max   |   min  |   max  |   Type  |
    +---------+---------+----------+----------+--------+--------+---------+
    |   488007|   488007|  4.880 ms|  4.880 ms|  488007|  488007|       no|
    +---------+---------+----------+----------+--------+--------+---------+

    + Detail: 
        * Instance: 
        +----------------------------------------------------------------------+------------------------------------------------------------+---------+---------+----------+----------+--------+--------+---------+
        |                                                                      |                                                            |  Latency (cycles) |  Latency (absolute) |     Interval    | Pipeline|
        |                               Instance                               |                           Module                           |   min   |   max   |    min   |    max   |   min  |   max  |   Type  |
        +----------------------------------------------------------------------+------------------------------------------------------------+---------+---------+----------+----------+--------+--------+---------+
        |grp_xFSobelFilter3x3_0_3_600_800_1_0_4_1_2_2_2_1_6_800_false_s_fu_36  |xFSobelFilter3x3_0_3_600_800_1_0_4_1_2_2_2_1_6_800_false_s  |   488006|   488006|  4.880 ms|  4.880 ms|  488006|  488006|       no|
        +----------------------------------------------------------------------+------------------------------------------------------------+---------+---------+----------+----------+--------+--------+---------+

        * Loop: 
        N/A



================================================================
== Utilization Estimates
================================================================
* Summary: 
+-----------------+---------+-----+--------+-------+-----+
|       Name      | BRAM_18K| DSP |   FF   |  LUT  | URAM|
+-----------------+---------+-----+--------+-------+-----+
|DSP              |        -|    -|       -|      -|    -|
|Expression       |        -|    -|       0|      2|    -|
|FIFO             |        -|    -|       -|      -|    -|
|Instance         |        3|    -|     527|   1217|    -|
|Memory           |        -|    -|       -|      -|    -|
|Multiplexer      |        -|    -|       -|     50|    -|
|Register         |        -|    -|       4|      -|    -|
+-----------------+---------+-----+--------+-------+-----+
|Total            |        3|    0|     531|   1269|    0|
+-----------------+---------+-----+--------+-------+-----+
|Available        |      280|  220|  106400|  53200|    0|
+-----------------+---------+-----+--------+-------+-----+
|Utilization (%)  |        1|    0|      ~0|      2|    0|
+-----------------+---------+-----+--------+-------+-----+

+ Detail: 
    * Instance: 
    +----------------------------------------------------------------------+------------------------------------------------------------+---------+----+-----+------+-----+
    |                               Instance                               |                           Module                           | BRAM_18K| DSP|  FF |  LUT | URAM|
    +----------------------------------------------------------------------+------------------------------------------------------------+---------+----+-----+------+-----+
    |grp_xFSobelFilter3x3_0_3_600_800_1_0_4_1_2_2_2_1_6_800_false_s_fu_36  |xFSobelFilter3x3_0_3_600_800_1_0_4_1_2_2_2_1_6_800_false_s  |        3|   0|  527|  1217|    0|
    +----------------------------------------------------------------------+------------------------------------------------------------+---------+----+-----+------+-----+
    |Total                                                                 |                                                            |        3|   0|  527|  1217|    0|
    +----------------------------------------------------------------------+------------------------------------------------------------+---------+----+-----+------+-----+

    * DSP: 
    N/A

    * Memory: 
    N/A

    * FIFO: 
    N/A

    * Expression: 
    +-----------------+----------+----+---+----+------------+------------+
    |  Variable Name  | Operation| DSP| FF| LUT| Bitwidth P0| Bitwidth P1|
    +-----------------+----------+----+---+----+------------+------------+
    |ap_block_state1  |        or|   0|  0|   2|           1|           1|
    +-----------------+----------+----+---+----+------------+------------+
    |Total            |          |   0|  0|   2|           1|           1|
    +-----------------+----------+----+---+----+------------+------------+

    * Multiplexer: 
    +----------------------------+----+-----------+-----+-----------+
    |            Name            | LUT| Input Size| Bits| Total Bits|
    +----------------------------+----+-----------+-----+-----------+
    |ap_NS_fsm                   |  14|          3|    1|          3|
    |ap_done                     |   9|          2|    1|          2|
    |in_sobel_x_i_data_write     |   9|          2|    1|          2|
    |in_sobel_y_i_data_write     |   9|          2|    1|          2|
    |rightRemappedMat_data_read  |   9|          2|    1|          2|
    +----------------------------+----+-----------+-----+-----------+
    |Total                       |  50|         11|    5|         11|
    +----------------------------+----+-----------+-----+-----------+

    * Register: 
    +-----------------------------------------------------------------------------------+---+----+-----+-----------+
    |                                        Name                                       | FF| LUT| Bits| Const Bits|
    +-----------------------------------------------------------------------------------+---+----+-----+-----------+
    |ap_CS_fsm                                                                          |  2|   0|    2|          0|
    |ap_done_reg                                                                        |  1|   0|    1|          0|
    |grp_xFSobelFilter3x3_0_3_600_800_1_0_4_1_2_2_2_1_6_800_false_s_fu_36_ap_start_reg  |  1|   0|    1|          0|
    +-----------------------------------------------------------------------------------+---+----+-----+-----------+
    |Total                                                                              |  4|   0|    4|          0|
    +-----------------------------------------------------------------------------------+---+----+-----+-----------+



================================================================
== Interface
================================================================
* Summary: 
+--------------------------------------+-----+-----+------------+------------------------------------------------+--------------+
|               RTL Ports              | Dir | Bits|  Protocol  |                  Source Object                 |    C Type    |
+--------------------------------------+-----+-----+------------+------------------------------------------------+--------------+
|ap_clk                                |   in|    1|  ap_ctrl_hs|  Sobel<0, 3, 0, 3, 600, 800, 1, false, 2, 2, 2>|  return value|
|ap_rst                                |   in|    1|  ap_ctrl_hs|  Sobel<0, 3, 0, 3, 600, 800, 1, false, 2, 2, 2>|  return value|
|ap_start                              |   in|    1|  ap_ctrl_hs|  Sobel<0, 3, 0, 3, 600, 800, 1, false, 2, 2, 2>|  return value|
|ap_done                               |  out|    1|  ap_ctrl_hs|  Sobel<0, 3, 0, 3, 600, 800, 1, false, 2, 2, 2>|  return value|
|ap_continue                           |   in|    1|  ap_ctrl_hs|  Sobel<0, 3, 0, 3, 600, 800, 1, false, 2, 2, 2>|  return value|
|ap_idle                               |  out|    1|  ap_ctrl_hs|  Sobel<0, 3, 0, 3, 600, 800, 1, false, 2, 2, 2>|  return value|
|ap_ready                              |  out|    1|  ap_ctrl_hs|  Sobel<0, 3, 0, 3, 600, 800, 1, false, 2, 2, 2>|  return value|
|p_read                                |   in|   16|     ap_none|                                          p_read|        scalar|
|p_read1                               |   in|   16|     ap_none|                                         p_read1|        scalar|
|rightRemappedMat_data_dout            |   in|    8|     ap_fifo|                           rightRemappedMat_data|       pointer|
|rightRemappedMat_data_num_data_valid  |   in|    2|     ap_fifo|                           rightRemappedMat_data|       pointer|
|rightRemappedMat_data_fifo_cap        |   in|    2|     ap_fifo|                           rightRemappedMat_data|       pointer|
|rightRemappedMat_data_empty_n         |   in|    1|     ap_fifo|                           rightRemappedMat_data|       pointer|
|rightRemappedMat_data_read            |  out|    1|     ap_fifo|                           rightRemappedMat_data|       pointer|
|in_sobel_x_i_data_din                 |  out|   16|     ap_fifo|                               in_sobel_x_i_data|       pointer|
|in_sobel_x_i_data_num_data_valid      |   in|    2|     ap_fifo|                               in_sobel_x_i_data|       pointer|
|in_sobel_x_i_data_fifo_cap            |   in|    2|     ap_fifo|                               in_sobel_x_i_data|       pointer|
|in_sobel_x_i_data_full_n              |   in|    1|     ap_fifo|                               in_sobel_x_i_data|       pointer|
|in_sobel_x_i_data_write               |  out|    1|     ap_fifo|                               in_sobel_x_i_data|       pointer|
|in_sobel_y_i_data_din                 |  out|   16|     ap_fifo|                               in_sobel_y_i_data|       pointer|
|in_sobel_y_i_data_num_data_valid      |   in|    2|     ap_fifo|                               in_sobel_y_i_data|       pointer|
|in_sobel_y_i_data_fifo_cap            |   in|    2|     ap_fifo|                               in_sobel_y_i_data|       pointer|
|in_sobel_y_i_data_full_n              |   in|    1|     ap_fifo|                               in_sobel_y_i_data|       pointer|
|in_sobel_y_i_data_write               |  out|    1|     ap_fifo|                               in_sobel_y_i_data|       pointer|
+--------------------------------------+-----+-----+------------+------------------------------------------------+--------------+

